case_start=1/120 id=GD-01-01
case_done=1/120 id=GD-01-01
case_start=2/120 id=GD-01-02
case_done=2/120 id=GD-01-02
case_start=3/120 id=GD-01-03
case_done=3/120 id=GD-01-03
case_start=4/120 id=GD-01-04
case_done=4/120 id=GD-01-04
case_start=5/120 id=GD-01-05
case_done=5/120 id=GD-01-05
case_start=6/120 id=GD-01-06
case_done=6/120 id=GD-01-06
case_start=7/120 id=GD-01-07
case_done=7/120 id=GD-01-07
case_start=8/120 id=GD-01-08
case_done=8/120 id=GD-01-08
case_start=9/120 id=GD-01-09
case_done=9/120 id=GD-01-09
case_start=10/120 id=GD-02-01
case_done=10/120 id=GD-02-01
case_start=11/120 id=GD-02-02
case_done=11/120 id=GD-02-02
case_start=12/120 id=GD-02-03
case_done=12/120 id=GD-02-03
case_start=13/120 id=GD-02-04
case_done=13/120 id=GD-02-04
case_start=14/120 id=GD-02-05
case_done=14/120 id=GD-02-05
case_start=15/120 id=GD-02-06
case_done=15/120 id=GD-02-06
case_start=16/120 id=GD-02-07
case_done=16/120 id=GD-02-07
case_start=17/120 id=GD-02-08
case_done=17/120 id=GD-02-08
case_start=18/120 id=GD-02-09
case_done=18/120 id=GD-02-09
case_start=19/120 id=GD-03-01
case_done=19/120 id=GD-03-01
case_start=20/120 id=GD-03-02
case_done=20/120 id=GD-03-02
case_start=21/120 id=GD-03-03
case_done=21/120 id=GD-03-03
case_start=22/120 id=GD-03-04
case_done=22/120 id=GD-03-04
case_start=23/120 id=GD-03-05
case_done=23/120 id=GD-03-05
case_start=24/120 id=GD-03-06
case_done=24/120 id=GD-03-06
case_start=25/120 id=GD-03-07
case_done=25/120 id=GD-03-07
case_start=26/120 id=GD-03-08
case_done=26/120 id=GD-03-08
case_start=27/120 id=GD-03-09
case_done=27/120 id=GD-03-09
case_start=28/120 id=GD-04-01
case_done=28/120 id=GD-04-01
case_start=29/120 id=GD-04-02
case_done=29/120 id=GD-04-02
case_start=30/120 id=GD-04-03
case_done=30/120 id=GD-04-03
case_start=31/120 id=GD-04-04
case_done=31/120 id=GD-04-04
case_start=32/120 id=GD-04-05
case_done=32/120 id=GD-04-05
case_start=33/120 id=GD-04-06
case_done=33/120 id=GD-04-06
case_start=34/120 id=GD-04-07
case_done=34/120 id=GD-04-07
case_start=35/120 id=GD-04-08
case_done=35/120 id=GD-04-08
case_start=36/120 id=GD-04-09
case_done=36/120 id=GD-04-09
case_start=37/120 id=GD-05-01
case_done=37/120 id=GD-05-01
case_start=38/120 id=GD-05-02
case_done=38/120 id=GD-05-02
case_start=39/120 id=GD-05-03
case_done=39/120 id=GD-05-03
case_start=40/120 id=GD-05-04
case_done=40/120 id=GD-05-04
case_start=41/120 id=GD-05-05
case_done=41/120 id=GD-05-05
case_start=42/120 id=GD-05-06
case_done=42/120 id=GD-05-06
case_start=43/120 id=GD-05-07
case_done=43/120 id=GD-05-07
case_start=44/120 id=GD-05-08
case_done=44/120 id=GD-05-08
case_start=45/120 id=GD-05-09
case_done=45/120 id=GD-05-09
case_start=46/120 id=GD-06-01
case_done=46/120 id=GD-06-01
case_start=47/120 id=GD-06-02
case_done=47/120 id=GD-06-02
case_start=48/120 id=GD-06-03
case_done=48/120 id=GD-06-03
case_start=49/120 id=GD-06-04
case_done=49/120 id=GD-06-04
case_start=50/120 id=GD-06-05
case_done=50/120 id=GD-06-05
case_start=51/120 id=GD-06-06
case_done=51/120 id=GD-06-06
case_start=52/120 id=GD-06-07
case_done=52/120 id=GD-06-07
case_start=53/120 id=GD-06-08
case_done=53/120 id=GD-06-08
case_start=54/120 id=GD-06-09
case_done=54/120 id=GD-06-09
case_start=55/120 id=GD-07-01
case_done=55/120 id=GD-07-01
case_start=56/120 id=GD-07-02
case_done=56/120 id=GD-07-02
case_start=57/120 id=GD-07-03
case_done=57/120 id=GD-07-03
case_start=58/120 id=GD-07-04
case_done=58/120 id=GD-07-04
case_start=59/120 id=GD-07-05
case_done=59/120 id=GD-07-05
case_start=60/120 id=GD-07-06
case_done=60/120 id=GD-07-06
case_start=61/120 id=GD-07-07
case_done=61/120 id=GD-07-07
case_start=62/120 id=GD-07-08
case_done=62/120 id=GD-07-08
case_start=63/120 id=GD-07-09
case_done=63/120 id=GD-07-09
case_start=64/120 id=GD-08-01
case_done=64/120 id=GD-08-01
case_start=65/120 id=GD-08-02
case_done=65/120 id=GD-08-02
case_start=66/120 id=GD-08-03
case_done=66/120 id=GD-08-03
case_start=67/120 id=GD-08-04
case_done=67/120 id=GD-08-04
case_start=68/120 id=GD-08-05
case_done=68/120 id=GD-08-05
case_start=69/120 id=GD-08-06
case_done=69/120 id=GD-08-06
case_start=70/120 id=GD-08-07
case_done=70/120 id=GD-08-07
case_start=71/120 id=GD-08-08
case_done=71/120 id=GD-08-08
case_start=72/120 id=GD-08-09
case_done=72/120 id=GD-08-09
case_start=73/120 id=GD-09-01
case_done=73/120 id=GD-09-01
case_start=74/120 id=GD-09-02
case_done=74/120 id=GD-09-02
case_start=75/120 id=GD-09-03
case_done=75/120 id=GD-09-03
case_start=76/120 id=GD-09-04
case_done=76/120 id=GD-09-04
case_start=77/120 id=GD-09-05
case_done=77/120 id=GD-09-05
case_start=78/120 id=GD-09-06
case_done=78/120 id=GD-09-06
case_start=79/120 id=GD-09-07
case_done=79/120 id=GD-09-07
case_start=80/120 id=GD-09-08
case_done=80/120 id=GD-09-08
case_start=81/120 id=GD-10-01
case_done=81/120 id=GD-10-01
case_start=82/120 id=GD-10-02
case_done=82/120 id=GD-10-02
case_start=83/120 id=GD-10-03
case_done=83/120 id=GD-10-03
case_start=84/120 id=GD-10-04
case_done=84/120 id=GD-10-04
case_start=85/120 id=GD-10-05
case_done=85/120 id=GD-10-05
case_start=86/120 id=GD-10-06
case_done=86/120 id=GD-10-06
case_start=87/120 id=GD-10-07
case_done=87/120 id=GD-10-07
case_start=88/120 id=GD-10-08
case_done=88/120 id=GD-10-08
case_start=89/120 id=GD-11-01
case_done=89/120 id=GD-11-01
case_start=90/120 id=GD-11-02
case_done=90/120 id=GD-11-02
case_start=91/120 id=GD-11-03
case_done=91/120 id=GD-11-03
case_start=92/120 id=GD-11-04
case_done=92/120 id=GD-11-04
case_start=93/120 id=GD-11-05
case_done=93/120 id=GD-11-05
case_start=94/120 id=GD-11-06
case_done=94/120 id=GD-11-06
case_start=95/120 id=GD-11-07
case_done=95/120 id=GD-11-07
case_start=96/120 id=GD-11-08
case_done=96/120 id=GD-11-08
case_start=97/120 id=GD-12-01
case_done=97/120 id=GD-12-01
case_start=98/120 id=GD-12-02
case_done=98/120 id=GD-12-02
case_start=99/120 id=GD-12-03
case_done=99/120 id=GD-12-03
case_start=100/120 id=GD-12-04
case_done=100/120 id=GD-12-04
case_start=101/120 id=GD-12-05
case_done=101/120 id=GD-12-05
case_start=102/120 id=GD-12-06
case_done=102/120 id=GD-12-06
case_start=103/120 id=GD-12-07
case_done=103/120 id=GD-12-07
case_start=104/120 id=GD-12-08
case_done=104/120 id=GD-12-08
case_start=105/120 id=GD-13-01
case_done=105/120 id=GD-13-01
case_start=106/120 id=GD-13-02
case_done=106/120 id=GD-13-02
case_start=107/120 id=GD-13-03
case_done=107/120 id=GD-13-03
case_start=108/120 id=GD-13-04
case_done=108/120 id=GD-13-04
case_start=109/120 id=GD-13-05
case_done=109/120 id=GD-13-05
case_start=110/120 id=GD-13-06
case_done=110/120 id=GD-13-06
case_start=111/120 id=GD-13-07
case_done=111/120 id=GD-13-07
case_start=112/120 id=GD-13-08
case_done=112/120 id=GD-13-08
case_start=113/120 id=GD-14-01
case_done=113/120 id=GD-14-01
case_start=114/120 id=GD-14-02
case_done=114/120 id=GD-14-02
case_start=115/120 id=GD-14-03
case_done=115/120 id=GD-14-03
case_start=116/120 id=GD-14-04
case_done=116/120 id=GD-14-04
case_start=117/120 id=GD-14-05
case_done=117/120 id=GD-14-05
case_start=118/120 id=GD-14-06
case_done=118/120 id=GD-14-06
case_start=119/120 id=GD-14-07
case_done=119/120 id=GD-14-07
case_start=120/120 id=GD-14-08
case_done=120/120 id=GD-14-08
{
  "case_count": 120,
  "required_topic_coverage": 0.8597222222222224,
  "task_type_accuracy": 0.75,
  "action_direction_accuracy": 0.65,
  "required_topic_coverage_by_category": {
    "Hard Negative": 0.7083333333333334,
    "信息不足": 1.0,
    "冲突修复": 0.8888888888888888,
    "冷淡回复": 0.8333333333333334,
    "分手与退出": 0.9375,
    "多意图问题": 0.8541666666666667,
    "延迟回复": 0.8333333333333334,
    "情绪低落": 0.7222222222222222,
    "投入失衡": 0.9583333333333333,
    "明确拒绝": 0.9444444444444444,
    "普通回复": 0.9444444444444444,
    "模糊拒绝": 0.6666666666666666,
    "边界": 0.8125,
    "邀约": 0.9444444444444444
  }
}
